#-----------------------------------------------------------
# Vivado v2020.2 (64-bit)
# SW Build 3064766 on Wed Nov 18 09:12:47 MST 2020
# IP Build 3064653 on Wed Nov 18 14:17:31 MST 2020
# Start of session at: Mon Apr 12 10:30:02 2021
# Process ID: 5997
# Current directory: /home/spdy18695/workbench/CODES/Vivado_projects/Systolic_Array
# Command line: vivado Systolic_Array.xpr
# Log file: /home/spdy18695/workbench/CODES/Vivado_projects/Systolic_Array/vivado.log
# Journal file: /home/spdy18695/workbench/CODES/Vivado_projects/Systolic_Array/vivado.jou
#-----------------------------------------------------------
start_gui
open_project Systolic_Array.xpr
update_compile_order -fileset sources_1
launch_simulation
open_wave_config /home/spdy18695/workbench/CODES/Vivado_projects/Systolic_Array/Systolic_Array.srcs/sim_1/imports/Systolic_Array/Systolic_Array.srcs/top_BOOTH_tb_behav1.wcfg
open_wave_config /home/spdy18695/workbench/CODES/Vivado_projects/Systolic_Array/Systolic_Array.srcs/sim_1/imports/Systolic_Array/roundunit_tb_behav.wcfg
open_wave_config /home/spdy18695/workbench/CODES/Vivado_projects/Systolic_Array/Systolic_Array.srcs/sim_1/imports/Systolic_Array/Systolic_Processor_tb.wcfg
source Systolic_Processor_tb.tcl
run 10000000000 ns
run 1000 ns
close_project
